// Jest Snapshot v1, https://goo.gl/fbAQLP

exports[`ShowDetail.vue renders show details and episodes correctly 1`] = `
<div class="show-detail">
  <!-- Back Button --><button class="back-btn">← Back to Dashboard</button><!-- Loading & Error -->
  <!--v-if-->
  <!--v-if-->
  <!-- Show Details -->
  <div class="content">
    <h1 class="title">Breaking Bad</h1>
    <div class="main-info">
      <!-- Poster --><img src="poster.jpg" alt="Breaking Bad"><!-- Basic Info -->
      <div class="info">
        <p><strong>Rating:</strong> ⭐ 9.5</p>
        <p><strong>Genres:</strong> Drama, Crime</p>
        <p><strong>Runtime:</strong> 60 min</p>
        <p><strong>Premiered:</strong> 2008-01-20</p>
        <p><strong>Network:</strong> AMC</p>
        <p><strong>Official Site:</strong><a href="https://breakingbad.com" target="_blank">https://breakingbad.com</a></p>
      </div>
    </div><!-- Summary (HTML-safe) -->
    <div class="summary">
      <p>Show summary</p>
    </div><!-- Episodes / Seasons -->
    <div class="episodes">
      <h2>Episodes / Seasons</h2><!-- Filters -->
      <div class="filters"><label> Season: <select>
            <option value="">All</option>
            <option value="1"> Season 1</option>
          </select></label><label> Min Rating: <input type="number" min="0" max="10" step="0.1"></label><label> Search: <input type="text" placeholder="Filter by episode name..."></label></div><!-- Episode List -->
      <ul class="episode-list">
        <li class="episode-card"><img src="ep1.jpg" alt="Pilot" class="episode-thumb">
          <div class="episode-info">
            <h3>Pilot</h3>
            <p>Season 1, Episode 1</p>
            <p>⭐ 9</p>
            <p>
            <p>Episode 1 summary</p>
            </p>
          </div>
        </li>
        <li class="episode-card"><img src="ep2.jpg" alt="Cat's in the Bag..." class="episode-thumb">
          <div class="episode-info">
            <h3>Cat's in the Bag...</h3>
            <p>Season 1, Episode 2</p>
            <p>⭐ 8.5</p>
            <p>
            <p>Episode 2 summary</p>
            </p>
          </div>
        </li>
      </ul>
    </div>
  </div>
</div>
`;
